// Jest Snapshot v1, https://goo.gl/fbAQLP

exports[`Social renders correctly 1`] = `
<div
  className="about"
  id="social-section"
>
  <a
    href="https://www.github.com/Remde"
    rel="noopener noreferrer"
    target="_blank"
  >
    <div
      className="github"
    />
  </a>
  <a
    href="mailto:ffremde@gmail.com"
  >
    <div
      className="mail"
    />
  </a>
  <a
    href="https://www.linkedin.com/in/fernando-remde-291a641a6/"
    rel="noopener noreferrer"
    target="_blank"
  >
    <div
      className="linkedin"
    />
  </a>
</div>
`;
